[2026-06-11 09:37:13 PDT] CI watch — PR #6632 (ROCm/rocm-systems)
  TheRock CI (27282067813): queued — no action
  rocprofiler-sdk Code Coverage (27282065381): terminal, no real failures — no action
  rocprofiler-sdk CI (Core) (27282065468): terminal, no real failures — no action
  sleeping 1800s…
[2026-06-11 10:07:20 PDT] CI watch — PR #6632 (ROCm/rocm-systems)
  TheRock CI (27282067813): queued — no action
  rocprofiler-sdk Code Coverage (27282065381): terminal, no real failures — no action
  rocprofiler-sdk CI (Core) (27282065468): terminal, no real failures — no action
  sleeping 1800s…
[2026-06-11 10:37:27 PDT] CI watch — PR #6632 (ROCm/rocm-systems)
  TheRock CI (27282067813): queued — no action
  rocprofiler-sdk Code Coverage (27282065381): terminal, no real failures — no action
  rocprofiler-sdk CI (Core) (27282065468): terminal, no real failures — no action
  sleeping 1800s…
[2026-06-11 11:07:35 PDT] CI watch — PR #6632 (ROCm/rocm-systems)
  TheRock CI (27282067813): queued — no action
  rocprofiler-sdk Code Coverage (27282065381): terminal, no real failures — no action
  rocprofiler-sdk CI (Core) (27282065468): terminal, no real failures — no action
  sleeping 1800s…
[2026-06-11 11:37:41 PDT] CI watch — PR #6632 (ROCm/rocm-systems)
  TheRock CI (27282067813): queued — no action
  rocprofiler-sdk Code Coverage (27282065381): terminal, no real failures — no action
  rocprofiler-sdk CI (Core) (27282065468): terminal, no real failures — no action
  sleeping 1800s…
[2026-06-11 12:07:48 PDT] CI watch — PR #6632 (ROCm/rocm-systems)
  TheRock CI (27282067813): in_progress — no action
  rocprofiler-sdk Code Coverage (27282065381): terminal, no real failures — no action
  rocprofiler-sdk CI (Core) (27282065468): terminal, no real failures — no action
  sleeping 1800s…
[2026-06-11 12:37:55 PDT] CI watch — PR #6632 (ROCm/rocm-systems)
  TheRock CI (27282067813): in_progress — no action
  rocprofiler-sdk Code Coverage (27282065381): terminal, no real failures — no action
  rocprofiler-sdk CI (Core) (27282065468): terminal, no real failures — no action
  sleeping 1800s…
[2026-06-11 13:08:02 PDT] CI watch — PR #6632 (ROCm/rocm-systems)
  TheRock CI (27282067813): in_progress — no action
  rocprofiler-sdk Code Coverage (27282065381): terminal, no real failures — no action
  rocprofiler-sdk CI (Core) (27282065468): terminal, no real failures — no action
  sleeping 1800s…
[2026-06-11 13:38:08 PDT] CI watch — PR #6632 (ROCm/rocm-systems)
  TheRock CI (27282067813): in_progress — no action
  rocprofiler-sdk Code Coverage (27282065381): terminal, no real failures — no action
  rocprofiler-sdk CI (Core) (27282065468): terminal, no real failures — no action
  sleeping 1800s…
[2026-06-11 14:08:15 PDT] CI watch — PR #6632 (ROCm/rocm-systems)
  TheRock CI (27282067813): terminal, 2 failure(s) — rerunning --failed
  rocprofiler-sdk Code Coverage (27282065381): terminal, no real failures — no action
  rocprofiler-sdk CI (Core) (27282065468): terminal, no real failures — no action
  sleeping 1800s…
[2026-06-11 14:38:28 PDT] CI watch — PR #6632 (ROCm/rocm-systems)
  TheRock CI (27282067813): queued — no action
  rocprofiler-sdk Code Coverage (27282065381): terminal, no real failures — no action
  rocprofiler-sdk CI (Core) (27282065468): terminal, no real failures — no action
  sleeping 1800s…
[2026-06-11 15:08:35 PDT] CI watch — PR #6632 (ROCm/rocm-systems)
  TheRock CI (27282067813): queued — no action
  rocprofiler-sdk Code Coverage (27282065381): terminal, no real failures — no action
  rocprofiler-sdk CI (Core) (27282065468): terminal, no real failures — no action
  sleeping 1800s…
[2026-06-11 15:38:41 PDT] CI watch — PR #6632 (ROCm/rocm-systems)
  TheRock CI (27282067813): queued — no action
  rocprofiler-sdk Code Coverage (27282065381): terminal, no real failures — no action
  rocprofiler-sdk CI (Core) (27282065468): terminal, no real failures — no action
  sleeping 1800s…
[2026-06-11 16:08:47 PDT] CI watch — PR #6632 (ROCm/rocm-systems)
  TheRock CI (27282067813): queued — no action
  rocprofiler-sdk Code Coverage (27282065381): terminal, no real failures — no action
  rocprofiler-sdk CI (Core) (27282065468): terminal, no real failures — no action
  sleeping 1800s…
