Test: hipRTC + __syncthreads() + amdgcnspirv
Log: amd_comgr_do_action:
	  ActionKind: AMD_COMGR_ACTION_COMPILE_SOURCE_TO_SPIRV
	     IsaName: spir64-amd-amdhsa--amdgcnspirv
	     Options: "--hip-version=7.13.26165" "-DHIP_VERSION_MAJOR=7" "-DHIP_VERSION_MINOR=13" "-DHIP_VERSION_PATCH=26165" "-Wno-gnu-line-marker" "-Wno-missing-prototypes" "-D__HIPCC_RTC__" "-nogpuinc" "-include" "hiprtc_runtime.h" "-xhip" "--offload-arch=amdgcnspirv"
	        Path: 
	    Language: AMD_COMGR_LANGUAGE_HIP
 Comgr Branch-Commit: amd-staging-e7b48ce4c0c6
	 LLVM Commit: c849bc16b0e49951d313756f20b73c2b28d321d7+PATCHED:5b9824aedda5ea67046cca705708161af9e7ae54
	 File System: VFS
	 Embedded 181 libc++ headers at: include/c++/v1
	 Embedded 10 clang builtins at: lib/clang/23/include
    Compilation Args:  "-I" "/tmp/comgr-272671-0-a015c2/include" "-no-integrated-cpp" "-dD" "-O3" "-x" "hip" "--offload-device-only" "-cuid=F2A7EDDDFFE356093CBCDA163257CD6DBB99F29E6C8BD1F5CEE9147F8922A9F0" "--offload-arch=amdgcnspirv" "--no-gpu-bundle-output" "-c" "--hip-version=7.13.26165" "-DHIP_VERSION_MAJOR=7" "-DHIP_VERSION_MINOR=13" "-DHIP_VERSION_PATCH=26165" "-Wno-gnu-line-marker" "-Wno-missing-prototypes" "-D__HIPCC_RTC__" "-nogpuinc" "-include" "hiprtc_runtime.h" "-xhip" "--offload-arch=amdgcnspirv" "-nogpulib" "-idirafter" "include/c++/v1" "-Xclang" "-no-disable-free" "/tmp/comgr-272671-0-a015c2/input/test.hip" "-o" "/tmp/comgr-272671-0-a015c2/output/test.spv"
     Driver Job Args: clang "-cc1" "-triple" "spirv64-amd-amdhsa" "-aux-triple" "x86_64-unknown-linux-gnu" "-O3" "-Werror=atomic-alignment" "-Wspir-compat" "-E" "-disable-free" "-clear-ast-before-backend" "-disable-llvm-verifier" "-discard-value-names" "-main-file-name" "test.hip" "-mrelocation-model" "pic" "-pic-level" "2" "-mframe-pointer=all" "-fno-rounding-math" "-mconstructor-aliases" "-aux-target-cpu" "x86-64" "-fcuda-is-device" "-fno-threadsafe-statics" "-mllvm" "-amdgpu-internalize-symbols" "-fembed-bitcode=marker" "-disable-llvm-passes" "-debugger-tuning=gdb" "-fdebug-compilation-dir=/workspace/rocm-examples" "-fcoverage-compilation-dir=/workspace/rocm-examples" "-resource-dir" "/lib/clang/23" "-internal-isystem" "/lib/clang/23/include/cuda_wrappers" "-include" "hiprtc_runtime.h" "-idirafter" "include/c++/v1" "-I" "/tmp/comgr-272671-0-a015c2/include" "-D" "HIP_VERSION_MAJOR=7" "-D" "HIP_VERSION_MINOR=13" "-D" "HIP_VERSION_PATCH=26165" "-D" "__HIPCC_RTC__" "-internal-isystem" "/bin/../lib/gcc/x86_64-linux-gnu/13/../../../../include/c++/13" "-internal-isystem" "/bin/../lib/gcc/x86_64-linux-gnu/13/../../../../include/x86_64-linux-gnu/c++/13" "-internal-isystem" "/bin/../lib/gcc/x86_64-linux-gnu/13/../../../../include/c++/13/backward" "-internal-isystem" "/bin/../lib/gcc/x86_64-linux-gnu/13/../../../../include/c++/13" "-internal-isystem" "/bin/../lib/gcc/x86_64-linux-gnu/13/../../../../include/x86_64-linux-gnu/c++/13" "-internal-isystem" "/bin/../lib/gcc/x86_64-linux-gnu/13/../../../../include/c++/13/backward" "-internal-isystem" "/lib/clang/23/include" "-internal-isystem" "/usr/local/include" "-internal-isystem" "/bin/../lib/gcc/x86_64-linux-gnu/13/../../../../x86_64-linux-gnu/include" "-internal-externc-isystem" "/usr/include/x86_64-linux-gnu" "-internal-externc-isystem" "/include" "-internal-externc-isystem" "/usr/include" "-internal-isystem" "/lib/clang/23/include" "-internal-isystem" "/usr/local/include" "-internal-isystem" "/bin/../lib/gcc/x86_64-linux-gnu/13/../../../../x86_64-linux-gnu/include" "-internal-externc-isystem" "/usr/include/x86_64-linux-gnu" "-internal-externc-isystem" "/include" "-internal-externc-isystem" "/usr/include" "-Wno-gnu-line-marker" "-Wno-missing-prototypes" "-fdeprecated-macro" "-fno-autolink" "-ferror-limit" "19" "--offload-new-driver" "-fhip-new-launch-api" "--no-offloadlib" "-fgnuc-version=4.2.1" "-fskip-odr-check-in-gmf" "-fcxx-exceptions" "-fexceptions" "-fcolor-diagnostics" "-vectorize-loops" "-vectorize-slp" "-dD" "-no-disable-free" "-cuid=F2A7EDDDFFE356093CBCDA163257CD6DBB99F29E6C8BD1F5CEE9147F8922A9F0" "-fcuda-allow-variadic-functions" "-o" "/tmp/test-amdgcnspirv-8b97e9.hipi" "-x" "hip" "/tmp/comgr-272671-0-a015c2/input/test.hip"
     Driver Job Args: clang "-cc1" "-triple" "spirv64-amd-amdhsa" "-aux-triple" "x86_64-unknown-linux-gnu" "-O3" "-Werror=atomic-alignment" "-Wspir-compat" "-emit-llvm-bc" "-emit-llvm-uselists" "-disable-free" "-clear-ast-before-backend" "-disable-llvm-verifier" "-discard-value-names" "-main-file-name" "test.hip" "-mrelocation-model" "pic" "-pic-level" "2" "-mframe-pointer=all" "-fno-rounding-math" "-mconstructor-aliases" "-aux-target-cpu" "x86-64" "-fcuda-is-device" "-fno-threadsafe-statics" "-mllvm" "-amdgpu-internalize-symbols" "-fembed-bitcode=marker" "-disable-llvm-passes" "-debugger-tuning=gdb" "-fdebug-compilation-dir=/workspace/rocm-examples" "-fcoverage-compilation-dir=/workspace/rocm-examples" "-resource-dir" "/lib/clang/23" "-Wno-gnu-line-marker" "-Wno-missing-prototypes" "-fdeprecated-macro" "-fno-autolink" "-ferror-limit" "19" "--offload-new-driver" "-fhip-new-launch-api" "--no-offloadlib" "-fgnuc-version=4.2.1" "-fskip-odr-check-in-gmf" "-fcxx-exceptions" "-fexceptions" "-fcolor-diagnostics" "-vectorize-loops" "-vectorize-slp" "-dD" "-no-disable-free" "-cuid=F2A7EDDDFFE356093CBCDA163257CD6DBB99F29E6C8BD1F5CEE9147F8922A9F0" "-fcuda-allow-variadic-functions" "-o" "/tmp/test-amdgcnspirv-5948c1.bc" "-x" "hip-cpp-output" "/tmp/test-amdgcnspirv-8b97e9.hipi"
Comgr cache: stored entry decb74ada6a55bbd06264d1e62cb4337af7eff7c3775b47a0407417717f9db66 in cache.
     Driver Job Args: llvm-link "-o" "/tmp/test-linked-1052c6.bc" "/tmp/test-amdgcnspirv-5948c1.bc"
Comgr cache: stored entry f079c8c57c5b462b177d2582b08693fce761cb8f161237dc666e347b53d84cb0 in cache.
     Driver Job Args: llvm-spirv "--spirv-max-version=1.6" "--spirv-ext=+all,-SPV_KHR_untyped_pointers" "--spirv-allow-unknown-intrinsics" "--spirv-lower-const-expr" "--spirv-preserve-auxdata" "--spirv-debug-info-version=nonsemantic-shader-200" "/tmp/test-linked-1052c6.bc" "-o" "/tmp/comgr-272671-0-a015c2/output/test.spv"
Comgr cache: stored entry 43523c02934584d4c1ada8001fed37632a319d11714c9763038539d419ff7bf0 in cache.
	ReturnStatus: AMD_COMGR_STATUS_SUCCESS


Compile OK
Bitcode: 18228 bytes
SUCCESS
