=== workspace ===
/workspace
total 24
drwxr-xr-x 1 root root 4096 Jun 10 00:44 .
drwxr-xr-x 1 root root 4096 Jun 10 00:50 ..
drwxr-xr-x 1 root root 4096 Jun 10 00:44 rccl
drwxr-xr-x 5 root root 4096 Jun 10 00:45 rccl-tests
drwxr-xr-x 1 root root 4096 Jun 10 00:43 rdma-perftest
drwxr-xr-x 1 root root 4096 Jun 10 00:44 rocshmem
total 18716
drwxr-xr-x 2 root root     4096 Jun 10 00:44 .
drwxr-xr-x 1 root root     4096 Jun 10 00:44 ..
-rwxr-xr-x 1 root root 12623712 Jun 10 00:44 rocshmem_functional_tests
-rwxr-xr-x 1 root root  6531000 Jun 10 00:44 rocshmem_info
total 3924
drwxr-xr-x 3 root root    4096 Jun 10 00:44 .
drwxr-xr-x 1 root root    4096 Jun 10 00:44 ..
drwxr-xr-x 3 root root    4096 Jun 10 00:44 cmake
lrwxrwxrwx 1 root root      12 Jun 10 00:44 librccl.so -> librccl.so.1
lrwxrwxrwx 1 root root      14 Jun 10 00:44 librccl.so.1 -> librccl.so.1.0
-rw-r--r-- 1 root root 4004736 Jun 10 00:44 librccl.so.1.0
-rwxr-xr-x 1 root root 13240632 Jun 10 00:45 /workspace/rccl-tests/alltoall_perf
=== RCCL AlltoAll: -D 0, non-GIN (inter-node capable) np=8 max_bytes=8589934592 ===
# rccl-tests version 2.17.9-Unknown  rccl-headers=22907 rccl-library=22907
# Collective test starting: alltoall_perf
# nThread 1 nGpus 1 minBytes 128 maxBytes 8589934592 step: 2(factor) warmup iters: 1 iters: 20 agg iters: 1 validation: 1 graph: 0
#
# Using devices
#  Rank  0 Group  0 Pid     10 on smci355-ccs-aus-m03-17 device  0 [0000:75:00] AMD Instinct MI355X
#  Rank  1 Group  0 Pid     11 on smci355-ccs-aus-m03-17 device  1 [0000:05:00] AMD Instinct MI355X
#  Rank  2 Group  0 Pid     12 on smci355-ccs-aus-m03-17 device  2 [0000:65:00] AMD Instinct MI355X
#  Rank  3 Group  0 Pid     13 on smci355-ccs-aus-m03-17 device  3 [0000:15:00] AMD Instinct MI355X
#  Rank  4 Group  0 Pid     14 on smci355-ccs-aus-m03-17 device  4 [0000:f5:00] AMD Instinct MI355X
#  Rank  5 Group  0 Pid     15 on smci355-ccs-aus-m03-17 device  5 [0000:85:00] AMD Instinct MI355X
#  Rank  6 Group  0 Pid     16 on smci355-ccs-aus-m03-17 device  6 [0000:e5:00] AMD Instinct MI355X
#  Rank  7 Group  0 Pid     17 on smci355-ccs-aus-m03-17 device  7 [0000:95:00] AMD Instinct MI355X
RCCL version : 2.29.7-Unknown 
HIP version  : 7.13.99004-3309c611
ROCm version : 7.13.0.0-9999-3309c611
Hostname     : smci355-ccs-aus-m03-17
Librccl path : /workspace/rccl/lib/librccl.so.1
#
#                                                              out-of-place                       in-place          
#       size         count      type   redop    root     time   algbw   busbw  #wrong     time   algbw   busbw  #wrong algo      proto      nchannels 
#        (B)    (elements)                               (us)  (GB/s)  (GB/s)             (us)  (GB/s)  (GB/s)                                      
         128             4     float    none      -1    26.35    0.00    0.00       0    26.30    0.00    0.00    N/A     N/A       N/A         N/A
         256             8     float    none      -1    30.76    0.01    0.01       0    26.31    0.01    0.01    N/A     N/A       N/A         N/A
         512            16     float    none      -1    26.12    0.02    0.02       0    29.23    0.02    0.02    N/A     N/A       N/A         N/A
        1024            32     float    none      -1    26.08    0.04    0.03       0    26.36    0.04    0.03    N/A     N/A       N/A         N/A
        2048            64     float    none      -1    28.78    0.07    0.06       0    29.27    0.07    0.06    N/A     N/A       N/A         N/A
        4096           128     float    none      -1    25.91    0.16    0.14       0    25.87    0.16    0.14    N/A     N/A       N/A         N/A
        8192           256     float    none      -1    25.92    0.32    0.28       0    25.41    0.32    0.28    N/A     N/A       N/A         N/A
       16384           512     float    none      -1    32.84    0.50    0.44       0    30.61    0.54    0.47    N/A     N/A       N/A         N/A
       32768          1024     float    none      -1    33.91    0.97    0.85       0    33.60    0.98    0.85    N/A     N/A       N/A         N/A
       65536          2048     float    none      -1    35.45    1.85    1.62       0    34.65    1.89    1.65    N/A     N/A       N/A         N/A
      131072          4096     float    none      -1    40.47    3.24    2.83       0    38.32    3.42    2.99    N/A     N/A       N/A         N/A
      262144          8192     float    none      -1    42.99    6.10    5.34       0    42.37    6.19    5.41    N/A     N/A       N/A         N/A
      524288         16384     float    none      -1    53.82    9.74    8.52       0    55.46    9.45    8.27    N/A     N/A       N/A         N/A
     1048576         32768     float    none      -1    60.49   17.34   15.17       0    57.81   18.14   15.87    N/A     N/A       N/A         N/A
     2097152         65536     float    none      -1    85.19   24.62   21.54       0    84.42   24.84   21.74    N/A     N/A       N/A         N/A
     4194304        131072     float    none      -1   138.97   30.18   26.41       0   141.98   29.54   25.85    N/A     N/A       N/A         N/A
     8388608        262144     float    none      -1   258.20   32.49   28.43       0   246.38   34.05   29.79    N/A     N/A       N/A         N/A
    16777216        524288     float    none      -1   413.69   40.56   35.49       0   417.55   40.18   35.16    N/A     N/A       N/A         N/A
    33554432       1048576     float    none      -1   751.23   44.67   39.08       0   737.18   45.52   39.83    N/A     N/A       N/A         N/A
    67108864       2097152     float    none      -1  1402.58   47.85   41.87       0  1367.62   49.07   42.94    N/A     N/A       N/A         N/A
   134217728       4194304     float    none      -1  2721.42   49.32   43.15       0  2649.79   50.65   44.32    N/A     N/A       N/A         N/A
   268435456       8388608     float    none      -1  5321.35   50.45   44.14       0  5321.74   50.44   44.14    N/A     N/A       N/A         N/A
   536870912      16777216     float    none      -1  5739.55   93.54   81.85       0  5730.83   93.68   81.97    N/A     N/A       N/A         N/A
  1073741824      33554432     float    none      -1  8831.36  121.58  106.38       0  8727.54  123.03  107.65    N/A     N/A       N/A         N/A
  2147483648      67108864     float    none      -1  17656.3  121.63  106.42       0  17519.5  122.58  107.25    N/A     N/A       N/A         N/A
  4294967296     134217728     float    none      -1  35571.3  120.74  105.65       0  35411.2  121.29  106.13    N/A     N/A       N/A         N/A
  8589934592     268435456     float    none      -1  71438.3  120.24  105.21       0  71139.9  120.75  105.65    N/A     N/A       N/A         N/A
# Out of bounds values : 0 OK
# Avg bus bandwidth    : 30.5447 
#
# Collective test concluded: alltoall_perf
#

=== RCCL AlltoAll: -D 2, GIN host proxy (NCCL_GIN_TYPE=2, intra-node only) np=8 max_bytes=8589934592 ===
# rccl-tests version 2.17.9-Unknown  rccl-headers=22907 rccl-library=22907
# Collective test starting: alltoall_perf
# nThread 1 nGpus 1 minBytes 128 maxBytes 8589934592 step: 2(factor) warmup iters: 1 iters: 20 agg iters: 1 validation: 1 graph: 0
#
# Using devices
#  Rank  0 Group  0 Pid     10 on smci355-ccs-aus-m03-17 device  0 [0000:75:00] AMD Instinct MI355X
#  Rank  1 Group  0 Pid     11 on smci355-ccs-aus-m03-17 device  1 [0000:05:00] AMD Instinct MI355X
#  Rank  2 Group  0 Pid     12 on smci355-ccs-aus-m03-17 device  2 [0000:65:00] AMD Instinct MI355X
#  Rank  3 Group  0 Pid     13 on smci355-ccs-aus-m03-17 device  3 [0000:15:00] AMD Instinct MI355X
#  Rank  4 Group  0 Pid     14 on smci355-ccs-aus-m03-17 device  4 [0000:f5:00] AMD Instinct MI355X
#  Rank  5 Group  0 Pid     15 on smci355-ccs-aus-m03-17 device  5 [0000:85:00] AMD Instinct MI355X
#  Rank  6 Group  0 Pid     16 on smci355-ccs-aus-m03-17 device  6 [0000:e5:00] AMD Instinct MI355X
#  Rank  7 Group  0 Pid     17 on smci355-ccs-aus-m03-17 device  7 [0000:95:00] AMD Instinct MI355X
RCCL version : 2.29.7-Unknown 
HIP version  : 7.13.99004-3309c611
ROCm version : 7.13.0.0-9999-3309c611
Hostname     : smci355-ccs-aus-m03-17
Librccl path : /workspace/rccl/lib/librccl.so.1
#
#                                                              out-of-place                       in-place          
#       size         count      type   redop    root     time   algbw   busbw  #wrong     time   algbw   busbw  #wrong algo      proto      nchannels 
#        (B)    (elements)                               (us)  (GB/s)  (GB/s)             (us)  (GB/s)  (GB/s)                                      
         128             4     float    none      -1     9.55    0.01    0.01       0    11.95    0.01    0.01    N/A     N/A       N/A         N/A
         256             8     float    none      -1    10.00    0.03    0.02       0    12.48    0.02    0.02    N/A     N/A       N/A         N/A
         512            16     float    none      -1    10.08    0.05    0.04       0    10.46    0.05    0.04    N/A     N/A       N/A         N/A
        1024            32     float    none      -1    10.26    0.10    0.09       0    10.33    0.10    0.09    N/A     N/A       N/A         N/A
        2048            64     float    none      -1    12.21    0.17    0.15       0    10.41    0.20    0.17    N/A     N/A       N/A         N/A
        4096           128     float    none      -1    10.17    0.40    0.35       0    10.41    0.39    0.34    N/A     N/A       N/A         N/A
        8192           256     float    none      -1    10.20    0.80    0.70       0    10.38    0.79    0.69    N/A     N/A       N/A         N/A
       16384           512     float    none      -1    10.07    1.63    1.42       0    10.40    1.58    1.38    N/A     N/A       N/A         N/A
       32768          1024     float    none      -1    10.42    3.14    2.75       0    10.66    3.07    2.69    N/A     N/A       N/A         N/A
       65536          2048     float    none      -1    10.56    6.21    5.43       0    10.92    6.00    5.25    N/A     N/A       N/A         N/A
      131072          4096     float    none      -1    10.64   12.32   10.78       0    10.83   12.11   10.59    N/A     N/A       N/A         N/A
      262144          8192     float    none      -1    11.11   23.61   20.65       0    11.36   23.08   20.20    N/A     N/A       N/A         N/A
      524288         16384     float    none      -1    15.74   33.32   29.15       0    16.40   31.97   27.98    N/A     N/A       N/A         N/A
     1048576         32768     float    none      -1    25.23   41.56   36.36       0    26.60   39.42   34.49    N/A     N/A       N/A         N/A
     2097152         65536     float    none      -1    45.51   46.08   40.32       0    48.09   43.61   38.16    N/A     N/A       N/A         N/A
     4194304        131072     float    none      -1    83.27   50.37   44.08       0    90.01   46.60   40.77    N/A     N/A       N/A         N/A
     8388608        262144     float    none      -1   160.55   52.25   45.72       0   175.83   47.71   41.75    N/A     N/A       N/A         N/A
    16777216        524288     float    none      -1   315.83   53.12   46.48       0   346.96   48.36   42.31    N/A     N/A       N/A         N/A
    33554432       1048576     float    none      -1   600.36   55.89   48.90       0   682.79   49.14   43.00    N/A     N/A       N/A         N/A
    67108864       2097152     float    none      -1  1192.29   56.29   49.25       0  1358.17   49.41   43.23    N/A     N/A       N/A         N/A
   134217728       4194304     float    none      -1  2380.62   56.38   49.33       0  2709.51   49.54   43.34    N/A     N/A       N/A         N/A
   268435456       8388608     float    none      -1  4761.10   56.38   49.33       0  5407.90   49.64   43.43    N/A     N/A       N/A         N/A
   536870912      16777216     float    none      -1  9531.82   56.32   49.28       0  10715.5   50.10   43.84    N/A     N/A       N/A         N/A
  1073741824      33554432     float    none      -1  19105.0   56.20   49.18       0  20894.0   51.39   44.97    N/A     N/A       N/A         N/A
  2147483648      67108864     float    none      -1  38220.6   56.19   49.16       0  40762.0   52.68   46.10    N/A     N/A       N/A         N/A
  4294967296     134217728     float    none      -1  76578.9   56.09   49.07       0  79529.8   54.00   47.25    N/A     N/A       N/A         N/A
  8589934592     268435456     float    none      -1   153532   55.95   48.96       0   156468   54.90   48.04    N/A     N/A       N/A         N/A
# Out of bounds values : 0 OK
# Avg bus bandwidth    : 25.8725 
#
# Collective test concluded: alltoall_perf
#

=== RCCL AlltoAll: -D 4, GIN_ROCSHMEM (NCCL_GIN_TYPE=4) + rocSHMEM SDMA np=8 max_bytes=8589934592 ===
[32mI-001h rocSHMEM[0m TcpBootstrap : Using enp81s0f1:10.235.27.98<0>	[90mnetInit@src/bootstrap/bootstrap.cpp:464[0m
[32mI0001h rocSHMEM[0m TcpBootstrap : Using enp81s0f1:10.235.27.98<0>	[90mnetInit@src/bootstrap/bootstrap.cpp:464[0m
[32mI0001h rocSHMEM[0m rank 1 nranks 8 - connecting to 10.235.27.98<49879>	[90minitialize@src/bootstrap/bootstrap.cpp:297[0m
[32mI0002h rocSHMEM[0m TcpBootstrap : Using enp81s0f1:10.235.27.98<0>	[90mnetInit@src/bootstrap/bootstrap.cpp:464[0m
[32mI0002h rocSHMEM[0m rank 2 nranks 8 - connecting to 10.235.27.98<49879>	[90minitialize@src/bootstrap/bootstrap.cpp:297[0m
[32mI0003h rocSHMEM[0m TcpBootstrap : Using enp81s0f1:10.235.27.98<0>	[90mnetInit@src/bootstrap/bootstrap.cpp:464[0m
[32mI0003h rocSHMEM[0m rank 3 nranks 8 - connecting to 10.235.27.98<49879>	[90minitialize@src/bootstrap/bootstrap.cpp:297[0m
[32mI0004h rocSHMEM[0m TcpBootstrap : Using enp81s0f1:10.235.27.98<0>	[90mnetInit@src/bootstrap/bootstrap.cpp:464[0m
[32mI0004h rocSHMEM[0m rank 4 nranks 8 - connecting to 10.235.27.98<49879>	[90minitialize@src/bootstrap/bootstrap.cpp:297[0m
[32mI0005h rocSHMEM[0m TcpBootstrap : Using enp81s0f1:10.235.27.98<0>	[90mnetInit@src/bootstrap/bootstrap.cpp:464[0m
[32mI0005h rocSHMEM[0m rank 5 nranks 8 - connecting to 10.235.27.98<49879>	[90minitialize@src/bootstrap/bootstrap.cpp:297[0m
[32mI0006h rocSHMEM[0m TcpBootstrap : Using enp81s0f1:10.235.27.98<0>	[90mnetInit@src/bootstrap/bootstrap.cpp:464[0m
[32mI0006h rocSHMEM[0m rank 6 nranks 8 - connecting to 10.235.27.98<49879>	[90minitialize@src/bootstrap/bootstrap.cpp:297[0m
[32mI0007h rocSHMEM[0m TcpBootstrap : Using enp81s0f1:10.235.27.98<0>	[90mnetInit@src/bootstrap/bootstrap.cpp:464[0m
[32mI0007h rocSHMEM[0m rank 7 nranks 8 - connecting to 10.235.27.98<49879>	[90minitialize@src/bootstrap/bootstrap.cpp:297[0m
[32mI0000h rocSHMEM[0m TcpBootstrap : Using enp81s0f1:10.235.27.98<0>	[90mnetInit@src/bootstrap/bootstrap.cpp:464[0m
[32mI0000h rocSHMEM[0m rank 0 nranks 8 - connecting to 10.235.27.98<49879>	[90minitialize@src/bootstrap/bootstrap.cpp:297[0m
[32mI0000h rocSHMEM[0m Received connect from rank 4 total 1/8	[90mbootstrapRoot@src/bootstrap/bootstrap.cpp:414[0m
[32mI0000h rocSHMEM[0m Received connect from rank 2 total 2/8	[90mbootstrapRoot@src/bootstrap/bootstrap.cpp:414[0m
[32mI0000h rocSHMEM[0m Received connect from rank 1 total 3/8	[90mbootstrapRoot@src/bootstrap/bootstrap.cpp:414[0m
[32mI0000h rocSHMEM[0m Received connect from rank 0 total 4/8	[90mbootstrapRoot@src/bootstrap/bootstrap.cpp:414[0m
[32mI0000h rocSHMEM[0m Received connect from rank 6 total 5/8	[90mbootstrapRoot@src/bootstrap/bootstrap.cpp:414[0m
[32mI0000h rocSHMEM[0m Received connect from rank 3 total 6/8	[90mbootstrapRoot@src/bootstrap/bootstrap.cpp:414[0m
[32mI0000h rocSHMEM[0m Received connect from rank 7 total 7/8	[90mbootstrapRoot@src/bootstrap/bootstrap.cpp:414[0m
[32mI0000h rocSHMEM[0m Received connect from rank 5 total 8/8	[90mbootstrapRoot@src/bootstrap/bootstrap.cpp:414[0m
[32mI0007h rocSHMEM[0m Initializing IPC backend with TCP bootstrapping	[90mlibrary_init@src/rocshmem.cpp:346[0m
[32mI0001h rocSHMEM[0m Initializing IPC backend with TCP bootstrapping	[90mlibrary_init@src/rocshmem.cpp:346[0m
[32mI0002h rocSHMEM[0m Initializing IPC backend with TCP bootstrapping	[90mlibrary_init@src/rocshmem.cpp:346[0m
[32mI0003h rocSHMEM[0m Initializing IPC backend with TCP bootstrapping	[90mlibrary_init@src/rocshmem.cpp:346[0m
[32mI0004h rocSHMEM[0m Initializing IPC backend with TCP bootstrapping	[90mlibrary_init@src/rocshmem.cpp:346[0m
[32mI0005h rocSHMEM[0m Initializing IPC backend with TCP bootstrapping	[90mlibrary_init@src/rocshmem.cpp:346[0m
[32mI0006h rocSHMEM[0m Initializing IPC backend with TCP bootstrapping	[90mlibrary_init@src/rocshmem.cpp:346[0m
################################################################################
#                   rocSHMEM Environment Variables                             #
################################################################################
# ROCSHMEM_DEBUG_LEVEL=INFO:noversion
# ROCSHMEM_HEAP_SIZE=1073741824
# ROCSHMEM_BACKEND=ipc
################################################################################
[32mI0000h rocSHMEM[0m Initializing IPC backend with TCP bootstrapping	[90mlibrary_init@src/rocshmem.cpp:346[0m
[32mI0006h rocSHMEM[0m SDMA init with threshold=256, channels=1, local_size=8	[90msdmaHostInit@src/sdma_policy.cpp:58[0m
[32mI0000h rocSHMEM[0m SDMA init with threshold=256, channels=1, local_size=8	[90msdmaHostInit@src/sdma_policy.cpp:58[0m
[32mI0007h rocSHMEM[0m SDMA init with threshold=256, channels=1, local_size=8	[90msdmaHostInit@src/sdma_policy.cpp:58[0m
[32mI0002h rocSHMEM[0m SDMA init with threshold=256, channels=1, local_size=8	[90msdmaHostInit@src/sdma_policy.cpp:58[0m
[32mI0004h rocSHMEM[0m SDMA init with threshold=256, channels=1, local_size=8	[90msdmaHostInit@src/sdma_policy.cpp:58[0m
[32mI0001h rocSHMEM[0m SDMA init with threshold=256, channels=1, local_size=8	[90msdmaHostInit@src/sdma_policy.cpp:58[0m
[32mI0005h rocSHMEM[0m SDMA init with threshold=256, channels=1, local_size=8	[90msdmaHostInit@src/sdma_policy.cpp:58[0m
[32mI0003h rocSHMEM[0m SDMA init with threshold=256, channels=1, local_size=8	[90msdmaHostInit@src/sdma_policy.cpp:58[0m
# rccl-tests version 2.17.9-Unknown  rccl-headers=22907 rccl-library=22907
# Collective test starting: alltoall_perf
# nThread 1 nGpus 1 minBytes 128 maxBytes 8589934592 step: 2(factor) warmup iters: 1 iters: 20 agg iters: 1 validation: 1 graph: 0
#
# Using devices
#  Rank  0 Group  0 Pid     10 on smci355-ccs-aus-m03-17 device  0 [0000:75:00] AMD Instinct MI355X
#  Rank  1 Group  0 Pid     11 on smci355-ccs-aus-m03-17 device  1 [0000:05:00] AMD Instinct MI355X
#  Rank  2 Group  0 Pid     12 on smci355-ccs-aus-m03-17 device  2 [0000:65:00] AMD Instinct MI355X
#  Rank  3 Group  0 Pid     13 on smci355-ccs-aus-m03-17 device  3 [0000:15:00] AMD Instinct MI355X
#  Rank  4 Group  0 Pid     14 on smci355-ccs-aus-m03-17 device  4 [0000:f5:00] AMD Instinct MI355X
#  Rank  5 Group  0 Pid     15 on smci355-ccs-aus-m03-17 device  5 [0000:85:00] AMD Instinct MI355X
#  Rank  6 Group  0 Pid     16 on smci355-ccs-aus-m03-17 device  6 [0000:e5:00] AMD Instinct MI355X
#  Rank  7 Group  0 Pid     17 on smci355-ccs-aus-m03-17 device  7 [0000:95:00] AMD Instinct MI355X
RCCL version : 2.29.7-Unknown 
HIP version  : 7.13.99004-3309c611
ROCm version : 7.13.0.0-9999-3309c611
Hostname     : smci355-ccs-aus-m03-17
Librccl path : /workspace/rccl/lib/librccl.so.1
#
#                                                              out-of-place                       in-place          
#       size         count      type   redop    root     time   algbw   busbw  #wrong     time   algbw   busbw  #wrong algo      proto      nchannels 
#        (B)    (elements)                               (us)  (GB/s)  (GB/s)             (us)  (GB/s)  (GB/s)                                      
         128             4     float    none      -1    17.75    0.01    0.01       0    17.93    0.01    0.01    N/A     N/A       N/A         N/A
         256             8     float    none      -1    17.96    0.01    0.01       0    18.30    0.01    0.01    N/A     N/A       N/A         N/A
         512            16     float    none      -1    18.15    0.03    0.02       0    18.51    0.03    0.02    N/A     N/A       N/A         N/A
        1024            32     float    none      -1    18.35    0.06    0.05       0    18.16    0.06    0.05    N/A     N/A       N/A         N/A
        2048            64     float    none      -1    20.02    0.10    0.09       0    18.45    0.11    0.10    N/A     N/A       N/A         N/A
        4096           128     float    none      -1    18.35    0.22    0.20       0    18.57    0.22    0.19    N/A     N/A       N/A         N/A
        8192           256     float    none      -1    18.41    0.45    0.39       0    18.84    0.43    0.38    N/A     N/A       N/A         N/A
       16384           512     float    none      -1    18.54    0.88    0.77       0    18.63    0.88    0.77    N/A     N/A       N/A         N/A
       32768          1024     float    none      -1    18.52    1.77    1.55       0    18.70    1.75    1.53    N/A     N/A       N/A         N/A
       65536          2048     float    none      -1    19.43    3.37    2.95       0    19.75    3.32    2.90    N/A     N/A       N/A         N/A
      131072          4096     float    none      -1    20.14    6.51    5.69       0    20.70    6.33    5.54    N/A     N/A       N/A         N/A
      262144          8192     float    none      -1    20.25   12.94   11.33       0    20.87   12.56   10.99    N/A     N/A       N/A         N/A
      524288         16384     float    none      -1    21.13   24.81   21.71       0    21.31   24.61   21.53    N/A     N/A       N/A         N/A
     1048576         32768     float    none      -1    22.25   47.13   41.24       0    22.41   46.79   40.94    N/A     N/A       N/A         N/A
     2097152         65536     float    none      -1    28.33   74.03   64.77       0    28.43   73.76   64.54    N/A     N/A       N/A         N/A
     4194304        131072     float    none      -1    38.85  107.96   94.47       0    40.80  102.80   89.95    N/A     N/A       N/A         N/A
     8388608        262144     float    none      -1   126.29   66.42   58.12       0   126.56   66.28   57.99    N/A     N/A       N/A         N/A
    16777216        524288     float    none      -1   258.91   64.80   56.70       0   259.01   64.77   56.68    N/A     N/A       N/A         N/A
    33554432       1048576     float    none      -1   449.25   74.69   65.35       0   451.26   74.36   65.06    N/A     N/A       N/A         N/A
    67108864       2097152     float    none      -1   811.03   82.75   72.40       0   824.48   81.40   71.22    N/A     N/A       N/A         N/A
   134217728       4194304     float    none      -1  1476.60   90.90   79.53       0  1565.96   85.71   75.00    N/A     N/A       N/A         N/A
   268435456       8388608     float    none      -1  2798.79   95.91   83.92       0  3069.30   87.46   76.53    N/A     N/A       N/A         N/A
   536870912      16777216     float    none      -1  5512.05   97.40   85.22       0  6069.73   88.45   77.39    N/A     N/A       N/A         N/A
  1073741824      33554432     float    none      -1  10944.7   98.11   85.84       0  11909.8   90.16   78.89    N/A     N/A       N/A         N/A
  2147483648      67108864     float    none      -1  21857.8   98.25   85.97       0  23229.8   92.45   80.89    N/A     N/A       N/A         N/A
  4294967296     134217728     float    none      -1  43780.3   98.10   85.84       0  45518.6   94.36   82.56    N/A     N/A       N/A         N/A
  8589934592     268435456     float    none      -1  87689.5   97.96   85.71       0  89686.3   95.78   83.81    N/A     N/A       N/A         N/A
# Out of bounds values : 0 OK
# Avg bus bandwidth    : 39.5436 
#
# Collective test concluded: alltoall_perf
#

=== RCCL AlltoAll: -D 5, GIN_ANVIL (NCCL_GIN_TYPE=5) np=8 max_bytes=8589934592 ===
# rccl-tests version 2.17.9-Unknown  rccl-headers=22907 rccl-library=22907
# Collective test starting: alltoall_perf
# nThread 1 nGpus 1 minBytes 128 maxBytes 8589934592 step: 2(factor) warmup iters: 1 iters: 20 agg iters: 1 validation: 1 graph: 0
#
# Using devices
#  Rank  0 Group  0 Pid     10 on smci355-ccs-aus-m03-17 device  0 [0000:75:00] AMD Instinct MI355X
#  Rank  1 Group  0 Pid     11 on smci355-ccs-aus-m03-17 device  1 [0000:05:00] AMD Instinct MI355X
#  Rank  2 Group  0 Pid     12 on smci355-ccs-aus-m03-17 device  2 [0000:65:00] AMD Instinct MI355X
#  Rank  3 Group  0 Pid     13 on smci355-ccs-aus-m03-17 device  3 [0000:15:00] AMD Instinct MI355X
#  Rank  4 Group  0 Pid     14 on smci355-ccs-aus-m03-17 device  4 [0000:f5:00] AMD Instinct MI355X
#  Rank  5 Group  0 Pid     15 on smci355-ccs-aus-m03-17 device  5 [0000:85:00] AMD Instinct MI355X
#  Rank  6 Group  0 Pid     16 on smci355-ccs-aus-m03-17 device  6 [0000:e5:00] AMD Instinct MI355X
#  Rank  7 Group  0 Pid     17 on smci355-ccs-aus-m03-17 device  7 [0000:95:00] AMD Instinct MI355X
RCCL version : 2.29.7-Unknown 
HIP version  : 7.13.99004-3309c611
ROCm version : 7.13.0.0-9999-3309c611
Hostname     : smci355-ccs-aus-m03-17
Librccl path : /workspace/rccl/lib/librccl.so.1
#
#                                                              out-of-place                       in-place          
#       size         count      type   redop    root     time   algbw   busbw  #wrong     time   algbw   busbw  #wrong algo      proto      nchannels 
#        (B)    (elements)                               (us)  (GB/s)  (GB/s)             (us)  (GB/s)  (GB/s)                                      
         128             4     float    none      -1    10.77    0.01    0.01       0    11.72    0.01    0.01    N/A     N/A       N/A         N/A
         256             8     float    none      -1    11.58    0.02    0.02       0    14.74    0.02    0.02    N/A     N/A       N/A         N/A
         512            16     float    none      -1    10.98    0.05    0.04       0    11.45    0.04    0.04    N/A     N/A       N/A         N/A
        1024            32     float    none      -1    11.06    0.09    0.08       0    11.27    0.09    0.08    N/A     N/A       N/A         N/A
        2048            64     float    none      -1    13.61    0.15    0.13       0    11.44    0.18    0.16    N/A     N/A       N/A         N/A
        4096           128     float    none      -1    11.06    0.37    0.32       0    11.29    0.36    0.32    N/A     N/A       N/A         N/A
        8192           256     float    none      -1    11.16    0.73    0.64       0    11.47    0.71    0.62    N/A     N/A       N/A         N/A
       16384           512     float    none      -1    11.23    1.46    1.28       0    11.56    1.42    1.24    N/A     N/A       N/A         N/A
       32768          1024     float    none      -1    11.35    2.89    2.53       0    11.74    2.79    2.44    N/A     N/A       N/A         N/A
       65536          2048     float    none      -1    11.39    5.76    5.04       0    11.73    5.59    4.89    N/A     N/A       N/A         N/A
      131072          4096     float    none      -1    16.36    8.01    7.01       0    16.78    7.81    6.83    N/A     N/A       N/A         N/A
      262144          8192     float    none      -1    26.58    9.86    8.63       0    27.74    9.45    8.27    N/A     N/A       N/A         N/A
      524288         16384     float    none      -1    13.00   40.33   35.29       0    13.20   39.72   34.75    N/A     N/A       N/A         N/A
     1048576         32768     float    none      -1    15.50   67.64   59.19       0    15.68   66.88   58.52    N/A     N/A       N/A         N/A
     2097152         65536     float    none      -1    21.55   97.30   85.14       0    22.04   95.13   83.24    N/A     N/A       N/A         N/A
     4194304        131072     float    none      -1    32.35  129.67  113.46       0    34.52  121.49  106.30    N/A     N/A       N/A         N/A
     8388608        262144     float    none      -1   119.78   70.04   61.28       0   116.41   72.06   63.05    N/A     N/A       N/A         N/A
    16777216        524288     float    none      -1   206.60   81.21   71.05       0   205.70   81.56   71.37    N/A     N/A       N/A         N/A
    33554432       1048576     float    none      -1   325.05  103.23   90.32       0   339.04   98.97   86.60    N/A     N/A       N/A         N/A
    67108864       2097152     float    none      -1   600.12  111.83   97.85       0   637.19  105.32   92.16    N/A     N/A       N/A         N/A
   134217728       4194304     float    none      -1  1137.97  117.94  103.20       0  1235.21  108.66   95.08    N/A     N/A       N/A         N/A
   268435456       8388608     float    none      -1  2223.69  120.72  105.63       0  2457.44  109.23   95.58    N/A     N/A       N/A         N/A
   536870912      16777216     float    none      -1  4641.31  115.67  101.21       0  4930.47  108.89   95.28    N/A     N/A       N/A         N/A
  1073741824      33554432     float    none      -1  9085.51  118.18  103.41       0  9786.75  109.71   96.00    N/A     N/A       N/A         N/A
  2147483648      67108864     float    none      -1  18300.9  117.34  102.67       0  19315.9  111.18   97.28    N/A     N/A       N/A         N/A
  4294967296     134217728     float    none      -1  36614.6  117.30  102.64       0  38063.0  112.84   98.73    N/A     N/A       N/A         N/A
  8589934592     268435456     float    none      -1  73823.6  116.36  101.81       0  75130.4  114.33  100.04    N/A     N/A       N/A         N/A
# Out of bounds values : 0 OK
# Avg bus bandwidth    : 49.2368 
#
# Collective test concluded: alltoall_perf
#

