ROCR_1 {
  global:
    hsa_queue_create;
    hsa_amd_queue_intercept_create;
    hsa_shut_down;
    hsa_queue_destroy;
    hsa_queue_inactivate;
    hsa_queue_load_read_index_scacquire;
    hsa_queue_load_read_index_relaxed;
    hsa_queue_load_read_index_acquire;
    hsa_queue_load_write_index_scacquire;
    hsa_queue_load_write_index_relaxed;
    hsa_queue_load_write_index_acquire;
    hsa_queue_store_read_index_relaxed;
    hsa_queue_store_read_index_screlease;
    hsa_queue_store_read_index_release;
    hsa_queue_store_write_index_relaxed;
    hsa_queue_store_write_index_screlease;
    hsa_queue_store_write_index_release;
    hsa_queue_add_write_index_scacq_screl;
    hsa_queue_add_write_index_scacquire;
    hsa_queue_add_write_index_relaxed;
    hsa_queue_add_write_index_screlease;
    hsa_queue_add_write_index_acq_rel;
    hsa_queue_add_write_index_acquire;
    hsa_queue_add_write_index_release;
    hsa_queue_cas_write_index_scacq_screl;
    hsa_queue_cas_write_index_scacquire;
    hsa_queue_cas_write_index_relaxed;
    hsa_queue_cas_write_index_screlease;
    hsa_queue_cas_write_index_acq_rel;
    hsa_queue_cas_write_index_acquire;
    hsa_queue_cas_write_index_release;
    hsa_signal_store_relaxed;
    hsa_signal_store_screlease;
    hsa_signal_store_release;
    hsa_signal_destroy;
    hsa_amd_signal_async_handler;
    hsa_amd_profiling_set_profiler_enabled;
    hsa_executable_freeze;
    hsa_executable_destroy;
  local:
    *;
};
